
> yui-app@0.1.0 build
> next build

   ▲ Next.js 15.5.12
   - Environments: .env.local

   Creating an optimized production build ...
 ✓ Compiled successfully in 4.5s
   Linting and checking validity of types ...
   Collecting page data ...
   Generating static pages (0/18) ...
   Generating static pages (4/18) 
   Generating static pages (8/18) 
   Generating static pages (13/18) 
 ✓ Generating static pages (18/18)
   Finalizing page optimization ...
   Collecting build traces ...

Route (app)                                 Size  First Load JS
┌ ○ /                                      127 B         102 kB
├ ○ /_not-found                            997 B         103 kB
├ ○ /admin                               3.52 kB         228 kB
├ ○ /admin/ads                           2.78 kB         227 kB
├ ○ /admin/login                         3.44 kB         231 kB
├ ○ /admin/users                         2.15 kB         227 kB
├ ƒ /api/cleanup                           127 B         102 kB
├ ○ /create                              6.53 kB         235 kB
├ ○ /explore                              5.7 kB         234 kB
├ ƒ /explore/[id]                        7.62 kB         235 kB
├ ○ /login                               6.37 kB         240 kB
├ ○ /notifications                       3.65 kB         231 kB
├ ○ /profile                             8.74 kB         240 kB
├ ○ /schedule                            8.52 kB         236 kB
├ ○ /seed                                  528 B         103 kB
├ ○ /settings                            2.36 kB         227 kB
├ ƒ /user/[uid]                          2.14 kB         227 kB
└ ○ /wallet                              2.94 kB         231 kB
+ First Load JS shared by all             102 kB
  ├ chunks/493-549e27a9538cad60.js         46 kB
  ├ chunks/4bd1b696-c023c6e3521b1417.js  54.2 kB
  └ other shared chunks (total)          2.05 kB


○  (Static)   prerendered as static content
ƒ  (Dynamic)  server-rendered on demand

